// Jest Snapshot v1, https://goo.gl/fbAQLP

exports[`gritql simple query basic example works 1`] = `"select "device", "date", sum("no_baskets"), sum("no_all_baskets"), sum("no_unique_products"), sum("no_brand_products"), sum("no_uniqie_brand_products"), sum("total_revenue"), sum("brand_revenue") from "table" where "table"."brand" = ? and "table"."country" = ? and "table"."date" > ? and "table"."date" < ? group by "device", "date""`;

exports[`gritql simple query generate proper sql 1`] = `"select "troo", SUM("t")::float4//NULLIF(SUM("b")::float4, 0) AS "data" from "test" where "test"."a" = ? and "test"."b" = ? group by "troo""`;
