// Jest Snapshot v1, https://goo.gl/fbAQLP

exports[`gritql variables && types Custom types directives 1`] = `"select sum("pageviews") from "table" where ((((("table"."brand" = 'Adidas')) AND (("table"."price" < 2))))) AND (("table"."date" = E'{"{\\\\"year\\\\":2021,\\\\"month\\\\":12,\\\\"day\\\\":31}","{\\\\"year\\\\":2022,\\\\"month\\\\":9,\\\\"day\\\\":1}"}')) AND ("table"."country" = 'US')"`;

exports[`gritql variables && types Union type 1`] = `"select sum("pageviews") from "table" where ("table"."brand" = 'Adidas') AND (("table"."date" > '2021-01-01') AND ("table"."date" < '2022-01-01')) AND ("table"."country" = 'US')"`;

exports[`gritql variables && types input type must be traited as exact object type 1`] = `"select sum("pageviews") from "table" where ("table"."brand" = 'Adidas') AND (("table"."date" > '2021-01-01') AND ("table"."date" < '2022-01-01')) AND ("table"."country" = 'US')"`;

exports[`gritql variables && types list type must be traited as array type 1`] = `"select sum("pageviews") from "table" where ("table"."brand" = 'Adidas') AND (("table"."date" > '2021-01-01') AND ("table"."date" < '2022-01-01')) AND ("table"."country" = 'US') AND (("table"."categories" = 1) AND ("table"."categories" = 11) AND ("table"."categories" = 6))"`;

exports[`gritql variables && types type must be traited as shape object type 1`] = `"select sum("pageviews") from "table" where ("table"."brand" = 'Adidas') AND (("table"."date" > '2021-01-01') AND ("table"."date" < '2022-01-01')) AND ("table"."country" = 'US')"`;
